export const snapshot = {};

snapshot[`OpenAPIServer registers class 1`] = `
'{
  "openapi": "3.1.0",
  "info": {
    "title": "Example API",
    "version": "1.0.0"
  },
  "paths": {
    "/example": {
      "post": {
        "requestBody": {
          "content": {
            "application/json": {
              "schema": {
                "type": "object",
                "properties": {
                  "name": {
                    "type": "string"
                  }
                },
                "required": [
                  "name"
                ]
              }
            }
          }
        },
        "responses": {
          "200": {
            "description": "Created"
          }
        }
      }
    },
    "/example/{id}": {
      "get": {
        "parameters": [
          {
            "name": "id",
            "in": "path",
            "required": true,
            "schema": {
              "type": "string"
            }
          }
        ],
        "responses": {
          "200": {
            "description": "OK",
            "content": {
              "application/json": {
                "schema": {
                  "type": "object",
                  "properties": {
                    "name": {
                      "type": "string"
                    }
                  },
                  "required": [
                    "name"
                  ]
                }
              }
            }
          }
        }
      },
      "post": {
        "parameters": [
          {
            "name": "id",
            "in": "path",
            "required": true,
            "schema": {
              "type": "string"
            }
          }
        ],
        "requestBody": {
          "content": {
            "application/json": {
              "schema": {
                "type": "object",
                "properties": {
                  "name": {
                    "type": "string"
                  }
                },
                "required": [
                  "name"
                ]
              }
            }
          }
        },
        "responses": {
          "200": {
            "description": "Updated"
          }
        }
      },
      "delete": {
        "parameters": [
          {
            "name": "id",
            "in": "path",
            "required": true,
            "schema": {
              "type": "string"
            }
          }
        ],
        "responses": {
          "200": {
            "description": "Deleted"
          }
        }
      }
    }
  }
}'
`;
