export const snapshot = {};

snapshot[`ts-morph project from jsr:@luca/cases 1`] = `
[
  [
    "/s",
    'function p(r){let o=/[^\\\\p{Lu}_\\\\-\\\\s]+|\\\\p{Lu}+(?![^\\\\p{Lu}_\\\\-\\\\s])|\\\\p{Lu}[^\\\\p{Lu}_\\\\-\\\\s]*/gu;return Array.from(r.matchAll(o),e=>e[0])}function n(r){return(Array.isArray(r)?r:p(r)).map((e,a)=>a===0?e.toLowerCase():e.toUpperCase()===e?e:e[0].toUpperCase()+e.slice(1).toLowerCase()).join("")}function t(r){return(Array.isArray(r)?r:p(r)).map(e=>e.toLowerCase()).join("_")}function i(r){return(Array.isArray(r)?r:p(r)).map(e=>e.toLowerCase()).join("-")}function c(r){return(Array.isArray(r)?r:p(r)).map(e=>e.toUpperCase()===e?e:e[0].toUpperCase()+e.slice(1).toLowerCase()).join(" ")}function s(r){return(Array.isArray(r)?r:p(r)).map(e=>e.toUpperCase()===e?e:e[0].toUpperCase()+e.slice(1).toLowerCase()).join("")}function u(r){return(Array.isArray(r)?r:p(r)).map(e=>e.toUpperCase()).join("_")}export{n as camelCase,u as constantCase,i as kebabCase,s as pascalCase,t as snakeCase,p as splitPieces,c as titleCase};
//# sourceMappingURL=luca__cases.mjs.map',
  ],
  [
    "/@luca/cases@1.0.0",
    'export * from "/@jsr/luca__cases@1.0.0/denonext/luca__cases.mjs";
',
  ],
]
`;
